---
http_interactions:
- request:
    method: post
    uri: http://16shop.online/api/setting/get_setting.php
    body:
      encoding: UTF-8
      string: domain=example.com
    headers:
      Connection:
      - close
      Content-Type:
      - application/x-www-form-urlencoded
      Host:
      - 16shop.online
      User-Agent:
      - http.rb/4.0.0
  response:
    status:
      code: 200
      message: OK
    headers:
      Server:
      - nginx/1.14.1
      Date:
      - Sat, 26 Jan 2019 04:48:22 GMT
      Content-Type:
      - application/json
      Transfer-Encoding:
      - chunked
      Connection:
      - close
      Vary:
      - Accept-Encoding
    body:
      encoding: ASCII-8BIT
      string: '{"email_result":null,"lock_platform":null,"sender_mail":null,"site_parameter":null,"site_password":null,"site_param_on":null,"site_pass_on":null,"send_login":null,"mix_result":null,"get_photo":null,"get_vbv":null,"get_email":null,"get_bank":null,"double_cc":null,"onetime":null,"encrypt_html":null,"block_host":null,"block_ua":null,"block_iprange":null,"block_isp":null,"block_vpn":null,"theme":null,"letter":null,"mix_email":null}'
    http_version: 
  recorded_at: Sat, 26 Jan 2019 04:48:22 GMT
- request:
    method: get
    uri: http://example.com/.config
    body:
      encoding: UTF-8
      string: ''
    headers:
      Connection:
      - close
      Host:
      - example.com
      User-Agent:
      - http.rb/4.0.0
  response:
    status:
      code: 404
      message: Not Found
    headers:
      Cache-Control:
      - max-age=604800
      Content-Type:
      - text/html; charset=UTF-8
      Date:
      - Sat, 26 Jan 2019 04:48:22 GMT
      Expires:
      - Sat, 02 Feb 2019 04:48:22 GMT
      Server:
      - EOS (vny006/0450)
      Vary:
      - Accept-Encoding
      Content-Length:
      - '1270'
      Connection:
      - close
    body:
      encoding: UTF-8
      string: "<!doctype html>\n<html>\n<head>\n    <title>Example Domain</title>\n\n
        \   <meta charset=\"utf-8\" />\n    <meta http-equiv=\"Content-type\" content=\"text/html;
        charset=utf-8\" />\n    <meta name=\"viewport\" content=\"width=device-width,
        initial-scale=1\" />\n    <style type=\"text/css\">\n    body {\n        background-color:
        #f0f0f2;\n        margin: 0;\n        padding: 0;\n        font-family: \"Open
        Sans\", \"Helvetica Neue\", Helvetica, Arial, sans-serif;\n        \n    }\n
        \   div {\n        width: 600px;\n        margin: 5em auto;\n        padding:
        50px;\n        background-color: #fff;\n        border-radius: 1em;\n    }\n
        \   a:link, a:visited {\n        color: #38488f;\n        text-decoration:
        none;\n    }\n    @media (max-width: 700px) {\n        body {\n            background-color:
        #fff;\n        }\n        div {\n            width: auto;\n            margin:
        0 auto;\n            border-radius: 0;\n            padding: 1em;\n        }\n
        \   }\n    </style>    \n</head>\n\n<body>\n<div>\n    <h1>Example Domain</h1>\n
        \   <p>This domain is established to be used for illustrative examples in
        documents. You may use this\n    domain in examples without prior coordination
        or asking for permission.</p>\n    <p><a href=\"http://www.iana.org/domains/example\">More
        information...</a></p>\n</div>\n</body>\n</html>\n"
    http_version: 
  recorded_at: Sat, 26 Jan 2019 04:48:22 GMT
- request:
    method: get
    uri: https://example.com/.config
    body:
      encoding: UTF-8
      string: ''
    headers:
      Connection:
      - close
      Host:
      - example.com
      User-Agent:
      - http.rb/4.0.0
  response:
    status:
      code: 404
      message: Not Found
    headers:
      Accept-Ranges:
      - bytes
      Cache-Control:
      - max-age=604800
      Content-Type:
      - text/html; charset=UTF-8
      Date:
      - Sat, 26 Jan 2019 04:48:22 GMT
      Expires:
      - Sat, 02 Feb 2019 04:48:22 GMT
      Last-Modified:
      - Sun, 20 Jan 2019 18:30:39 GMT
      Server:
      - ECS (oxr/8375)
      Vary:
      - Accept-Encoding
      X-Cache:
      - 404-HIT
      Content-Length:
      - '1270'
      Connection:
      - close
    body:
      encoding: UTF-8
      string: "<!doctype html>\n<html>\n<head>\n    <title>Example Domain</title>\n\n
        \   <meta charset=\"utf-8\" />\n    <meta http-equiv=\"Content-type\" content=\"text/html;
        charset=utf-8\" />\n    <meta name=\"viewport\" content=\"width=device-width,
        initial-scale=1\" />\n    <style type=\"text/css\">\n    body {\n        background-color:
        #f0f0f2;\n        margin: 0;\n        padding: 0;\n        font-family: \"Open
        Sans\", \"Helvetica Neue\", Helvetica, Arial, sans-serif;\n        \n    }\n
        \   div {\n        width: 600px;\n        margin: 5em auto;\n        padding:
        50px;\n        background-color: #fff;\n        border-radius: 1em;\n    }\n
        \   a:link, a:visited {\n        color: #38488f;\n        text-decoration:
        none;\n    }\n    @media (max-width: 700px) {\n        body {\n            background-color:
        #fff;\n        }\n        div {\n            width: auto;\n            margin:
        0 auto;\n            border-radius: 0;\n            padding: 1em;\n        }\n
        \   }\n    </style>    \n</head>\n\n<body>\n<div>\n    <h1>Example Domain</h1>\n
        \   <p>This domain is established to be used for illustrative examples in
        documents. You may use this\n    domain in examples without prior coordination
        or asking for permission.</p>\n    <p><a href=\"http://www.iana.org/domains/example\">More
        information...</a></p>\n</div>\n</body>\n</html>\n"
    http_version: 
  recorded_at: Sat, 26 Jan 2019 04:48:22 GMT
- request:
    method: get
    uri: http://example.com/admin
    body:
      encoding: UTF-8
      string: ''
    headers:
      Connection:
      - close
      Host:
      - example.com
      User-Agent:
      - http.rb/4.0.0
  response:
    status:
      code: 404
      message: Not Found
    headers:
      Cache-Control:
      - max-age=604800
      Content-Type:
      - text/html; charset=UTF-8
      Date:
      - Sat, 26 Jan 2019 04:48:23 GMT
      Expires:
      - Sat, 02 Feb 2019 04:48:23 GMT
      Last-Modified:
      - Thu, 24 Jan 2019 10:28:03 GMT
      Server:
      - ECS (sec/96C8)
      Vary:
      - Accept-Encoding
      X-Cache:
      - 404-HIT
      Content-Length:
      - '1270'
      Connection:
      - close
    body:
      encoding: UTF-8
      string: "<!doctype html>\n<html>\n<head>\n    <title>Example Domain</title>\n\n
        \   <meta charset=\"utf-8\" />\n    <meta http-equiv=\"Content-type\" content=\"text/html;
        charset=utf-8\" />\n    <meta name=\"viewport\" content=\"width=device-width,
        initial-scale=1\" />\n    <style type=\"text/css\">\n    body {\n        background-color:
        #f0f0f2;\n        margin: 0;\n        padding: 0;\n        font-family: \"Open
        Sans\", \"Helvetica Neue\", Helvetica, Arial, sans-serif;\n        \n    }\n
        \   div {\n        width: 600px;\n        margin: 5em auto;\n        padding:
        50px;\n        background-color: #fff;\n        border-radius: 1em;\n    }\n
        \   a:link, a:visited {\n        color: #38488f;\n        text-decoration:
        none;\n    }\n    @media (max-width: 700px) {\n        body {\n            background-color:
        #fff;\n        }\n        div {\n            width: auto;\n            margin:
        0 auto;\n            border-radius: 0;\n            padding: 1em;\n        }\n
        \   }\n    </style>    \n</head>\n\n<body>\n<div>\n    <h1>Example Domain</h1>\n
        \   <p>This domain is established to be used for illustrative examples in
        documents. You may use this\n    domain in examples without prior coordination
        or asking for permission.</p>\n    <p><a href=\"http://www.iana.org/domains/example\">More
        information...</a></p>\n</div>\n</body>\n</html>\n"
    http_version: 
  recorded_at: Sat, 26 Jan 2019 04:48:23 GMT
- request:
    method: get
    uri: https://example.com/admin
    body:
      encoding: UTF-8
      string: ''
    headers:
      Connection:
      - close
      Host:
      - example.com
      User-Agent:
      - http.rb/4.0.0
  response:
    status:
      code: 404
      message: Not Found
    headers:
      Cache-Control:
      - max-age=604800
      Content-Type:
      - text/html; charset=UTF-8
      Date:
      - Sat, 26 Jan 2019 04:48:23 GMT
      Expires:
      - Sat, 02 Feb 2019 04:48:23 GMT
      Last-Modified:
      - Thu, 24 Jan 2019 22:40:25 GMT
      Server:
      - ECS (sec/96C8)
      Vary:
      - Accept-Encoding
      X-Cache:
      - 404-HIT
      Content-Length:
      - '1270'
      Connection:
      - close
    body:
      encoding: UTF-8
      string: "<!doctype html>\n<html>\n<head>\n    <title>Example Domain</title>\n\n
        \   <meta charset=\"utf-8\" />\n    <meta http-equiv=\"Content-type\" content=\"text/html;
        charset=utf-8\" />\n    <meta name=\"viewport\" content=\"width=device-width,
        initial-scale=1\" />\n    <style type=\"text/css\">\n    body {\n        background-color:
        #f0f0f2;\n        margin: 0;\n        padding: 0;\n        font-family: \"Open
        Sans\", \"Helvetica Neue\", Helvetica, Arial, sans-serif;\n        \n    }\n
        \   div {\n        width: 600px;\n        margin: 5em auto;\n        padding:
        50px;\n        background-color: #fff;\n        border-radius: 1em;\n    }\n
        \   a:link, a:visited {\n        color: #38488f;\n        text-decoration:
        none;\n    }\n    @media (max-width: 700px) {\n        body {\n            background-color:
        #fff;\n        }\n        div {\n            width: auto;\n            margin:
        0 auto;\n            border-radius: 0;\n            padding: 1em;\n        }\n
        \   }\n    </style>    \n</head>\n\n<body>\n<div>\n    <h1>Example Domain</h1>\n
        \   <p>This domain is established to be used for illustrative examples in
        documents. You may use this\n    domain in examples without prior coordination
        or asking for permission.</p>\n    <p><a href=\"http://www.iana.org/domains/example\">More
        information...</a></p>\n</div>\n</body>\n</html>\n"
    http_version: 
  recorded_at: Sat, 26 Jan 2019 04:48:23 GMT
recorded_with: VCR 4.0.0
