---
http_interactions:
- request:
    method: get
    uri: http://www-account-appleld-alert.com/admin
    body:
      encoding: UTF-8
      string: ''
    headers:
      Connection:
      - close
      Host:
      - www-account-appleld-alert.com
      User-Agent:
      - http.rb/4.0.0
  response:
    status:
      code: 301
      message: Moved Permanently
    headers:
      Date:
      - Thu, 28 Feb 2019 23:00:18 GMT
      Server:
      - Apache
      Location:
      - http://www-account-appleld-alert.com/admin/
      Content-Length:
      - '251'
      Connection:
      - close
      Content-Type:
      - text/html; charset=iso-8859-1
    body:
      encoding: ISO-8859-1
      string: |
        <!DOCTYPE HTML PUBLIC "-//IETF//DTD HTML 2.0//EN">
        <html><head>
        <title>301 Moved Permanently</title>
        </head><body>
        <h1>Moved Permanently</h1>
        <p>The document has moved <a href="http://www-account-appleld-alert.com/admin/">here</a>.</p>
        </body></html>
    http_version: 
  recorded_at: Thu, 28 Feb 2019 23:00:21 GMT
- request:
    method: get
    uri: http://www-account-appleld-alert.com/admin/
    body:
      encoding: UTF-8
      string: ''
    headers:
      Connection:
      - close
      User-Agent:
      - http.rb/4.0.0
      Host:
      - www-account-appleld-alert.com
  response:
    status:
      code: 200
      message: OK
    headers:
      Date:
      - Thu, 28 Feb 2019 23:00:19 GMT
      Server:
      - Apache
      Expires:
      - Thu, 19 Nov 1981 08:52:00 GMT
      Cache-Control:
      - no-store, no-cache, must-revalidate
      Pragma:
      - no-cache
      Set-Cookie:
      - PHPSESSID=0k0ncoc9c5hbevk7f918b27pu6; path=/
      Connection:
      - close
      Transfer-Encoding:
      - chunked
      Content-Type:
      - text/html; charset=UTF-8
    body:
      encoding: UTF-8
      string: "<!DOCTYPE html>\n<html lang=\"en\">\n<head>\n    <title>16Shop - Admin
        Panel</title>\n    <meta charset=\"UTF-8\">\n    <meta name=\"viewport\" content=\"width=device-width,
        initial-scale=1\">\n<!--===============================================================================================-->
        \ \n    <link rel=\"icon\" type=\"image/png\" href=\"images/icons/favicon.ico\"/>\n<!--===============================================================================================-->\n
        \   <link rel=\"stylesheet\" type=\"text/css\" href=\"vendor/bootstrap/css/bootstrap.min.css\">\n<!--===============================================================================================-->\n
        \   <link rel=\"stylesheet\" type=\"text/css\" href=\"fonts/font-awesome-4.7.0/css/font-awesome.min.css\">\n<!--===============================================================================================-->\n
        \   <link rel=\"stylesheet\" type=\"text/css\" href=\"fonts/Linearicons-Free-v1.0.0/icon-font.min.css\">\n<!--===============================================================================================-->\n
        \   <link rel=\"stylesheet\" type=\"text/css\" href=\"vendor/animate/animate.css\">\n<!--===============================================================================================-->
        \ \n    <link rel=\"stylesheet\" type=\"text/css\" href=\"vendor/css-hamburgers/hamburgers.min.css\">\n<!--===============================================================================================-->\n
        \   <link rel=\"stylesheet\" type=\"text/css\" href=\"vendor/animsition/css/animsition.min.css\">\n<!--===============================================================================================-->\n
        \   <link rel=\"stylesheet\" type=\"text/css\" href=\"vendor/select2/select2.min.css\">\n<!--===============================================================================================-->
        \ \n    <link rel=\"stylesheet\" type=\"text/css\" href=\"vendor/daterangepicker/daterangepicker.css\">\n<!--===============================================================================================-->\n
        \   <link rel=\"stylesheet\" type=\"text/css\" href=\"css/util.css\">\n    <link
        rel=\"stylesheet\" type=\"text/css\" href=\"css/main.css\">\n<!--===============================================================================================-->\n</head>\n<body>\n
        \ <div class=\"limiter\">\n        <div class=\"container-login100\">\n            <div
        class=\"wrap-login100\">\n                \n                <div class=\"login100-form-title\"
        style=\"background-image: url(bg.png);\">\n                <br><br><br><br>\n
        \                   \n                </div>\n\n                <form action=\"index.php\"
        method=\"POST\" class=\"login100-form validate-form\">\n                \n
        \                   <div class=\"wrap-input100 validate-input m-b-26\" data-validate=\"Email
        is required\">\n                        <span class=\"label-input100\">Email</span>\n
        \                       <input class=\"input100\" type=\"email\" name=\"email\"
        placeholder=\"Enter email\">\n                        <span class=\"focus-input100\"></span>\n
        \                   </div>\n\n                    <div class=\"wrap-input100
        validate-input m-b-18\" data-validate = \"Password is required\">\n                        <span
        class=\"label-input100\">Password</span>\n                        <input class=\"input100\"
        type=\"password\" name=\"password\" placeholder=\"Enter password\">\n                        <span
        class=\"focus-input100\"></span>\n                    </div>\n\n                    <div
        class=\"flex-sb-m w-full p-b-30\">\n                        <div class=\"contact100-form-checkbox\">\n
        \                           <input class=\"input-checkbox100\" id=\"ckb1\"
        type=\"checkbox\" name=\"remember-me\">\n                            <label
        class=\"label-checkbox100\" for=\"ckb1\">\n                                Remember
        me\n                            </label>\n                        </div>\n\n
        \                       <div>\n                            <a href=\"https://fb.me/riswanda.ns\"
        class=\"txt1\">\n                                Powered by Z1coder Team\n
        \                           </a>\n                        </div>\n                    </div>\n\n
        \                   <div class=\"container-login100-form-btn\">\n                        <button
        class=\"login100-form-btn\">\n                            Login\n                        </button>\n
        \                   </div>\n                </form>\n            </div>\n
        \       </div>\n    </div><!--===============================================================================================-->\n
        \   <script src=\"vendor/jquery/jquery-3.2.1.min.js\"></script>\n<!--===============================================================================================-->\n
        \   <script src=\"vendor/animsition/js/animsition.min.js\"></script>\n<!--===============================================================================================-->\n
        \   <script src=\"vendor/bootstrap/js/popper.js\"></script>\n    <script src=\"vendor/bootstrap/js/bootstrap.min.js\"></script>\n<!--===============================================================================================-->\n
        \   <script src=\"vendor/select2/select2.min.js\"></script>\n<!--===============================================================================================-->\n
        \   <script src=\"vendor/daterangepicker/moment.min.js\"></script>\n    <script
        src=\"vendor/daterangepicker/daterangepicker.js\"></script>\n<!--===============================================================================================-->\n
        \   <script src=\"vendor/countdowntime/countdowntime.js\"></script>\n<!--===============================================================================================-->\n
        \   <script src=\"js/main.js\"></script>\n\n</body>\n</html>\n"
    http_version: 
  recorded_at: Thu, 28 Feb 2019 23:00:22 GMT
- request:
    method: get
    uri: https://www-account-appleld-alert.com/admin
    body:
      encoding: UTF-8
      string: ''
    headers:
      Connection:
      - close
      Host:
      - www-account-appleld-alert.com
      User-Agent:
      - http.rb/4.0.0
  response:
    status:
      code: 301
      message: Moved Permanently
    headers:
      Date:
      - Thu, 28 Feb 2019 23:00:20 GMT
      Server:
      - Apache
      Location:
      - https://www-account-appleld-alert.com/admin/
      Content-Length:
      - '252'
      Connection:
      - close
      Content-Type:
      - text/html; charset=iso-8859-1
    body:
      encoding: ISO-8859-1
      string: |
        <!DOCTYPE HTML PUBLIC "-//IETF//DTD HTML 2.0//EN">
        <html><head>
        <title>301 Moved Permanently</title>
        </head><body>
        <h1>Moved Permanently</h1>
        <p>The document has moved <a href="https://www-account-appleld-alert.com/admin/">here</a>.</p>
        </body></html>
    http_version: 
  recorded_at: Thu, 28 Feb 2019 23:00:23 GMT
- request:
    method: get
    uri: https://www-account-appleld-alert.com/admin/
    body:
      encoding: UTF-8
      string: ''
    headers:
      Connection:
      - close
      User-Agent:
      - http.rb/4.0.0
      Host:
      - www-account-appleld-alert.com
  response:
    status:
      code: 200
      message: OK
    headers:
      Date:
      - Thu, 28 Feb 2019 23:00:21 GMT
      Server:
      - Apache
      Expires:
      - Thu, 19 Nov 1981 08:52:00 GMT
      Cache-Control:
      - no-store, no-cache, must-revalidate
      Pragma:
      - no-cache
      Set-Cookie:
      - PHPSESSID=v5llvgq68m09np2u6ahha2fgt6; path=/
      Connection:
      - close
      Transfer-Encoding:
      - chunked
      Content-Type:
      - text/html; charset=UTF-8
    body:
      encoding: UTF-8
      string: "<!DOCTYPE html>\n<html lang=\"en\">\n<head>\n    <title>16Shop - Admin
        Panel</title>\n    <meta charset=\"UTF-8\">\n    <meta name=\"viewport\" content=\"width=device-width,
        initial-scale=1\">\n<!--===============================================================================================-->
        \ \n    <link rel=\"icon\" type=\"image/png\" href=\"images/icons/favicon.ico\"/>\n<!--===============================================================================================-->\n
        \   <link rel=\"stylesheet\" type=\"text/css\" href=\"vendor/bootstrap/css/bootstrap.min.css\">\n<!--===============================================================================================-->\n
        \   <link rel=\"stylesheet\" type=\"text/css\" href=\"fonts/font-awesome-4.7.0/css/font-awesome.min.css\">\n<!--===============================================================================================-->\n
        \   <link rel=\"stylesheet\" type=\"text/css\" href=\"fonts/Linearicons-Free-v1.0.0/icon-font.min.css\">\n<!--===============================================================================================-->\n
        \   <link rel=\"stylesheet\" type=\"text/css\" href=\"vendor/animate/animate.css\">\n<!--===============================================================================================-->
        \ \n    <link rel=\"stylesheet\" type=\"text/css\" href=\"vendor/css-hamburgers/hamburgers.min.css\">\n<!--===============================================================================================-->\n
        \   <link rel=\"stylesheet\" type=\"text/css\" href=\"vendor/animsition/css/animsition.min.css\">\n<!--===============================================================================================-->\n
        \   <link rel=\"stylesheet\" type=\"text/css\" href=\"vendor/select2/select2.min.css\">\n<!--===============================================================================================-->
        \ \n    <link rel=\"stylesheet\" type=\"text/css\" href=\"vendor/daterangepicker/daterangepicker.css\">\n<!--===============================================================================================-->\n
        \   <link rel=\"stylesheet\" type=\"text/css\" href=\"css/util.css\">\n    <link
        rel=\"stylesheet\" type=\"text/css\" href=\"css/main.css\">\n<!--===============================================================================================-->\n</head>\n<body>\n
        \ <div class=\"limiter\">\n        <div class=\"container-login100\">\n            <div
        class=\"wrap-login100\">\n                \n                <div class=\"login100-form-title\"
        style=\"background-image: url(bg.png);\">\n                <br><br><br><br>\n
        \                   \n                </div>\n\n                <form action=\"index.php\"
        method=\"POST\" class=\"login100-form validate-form\">\n                \n
        \                   <div class=\"wrap-input100 validate-input m-b-26\" data-validate=\"Email
        is required\">\n                        <span class=\"label-input100\">Email</span>\n
        \                       <input class=\"input100\" type=\"email\" name=\"email\"
        placeholder=\"Enter email\">\n                        <span class=\"focus-input100\"></span>\n
        \                   </div>\n\n                    <div class=\"wrap-input100
        validate-input m-b-18\" data-validate = \"Password is required\">\n                        <span
        class=\"label-input100\">Password</span>\n                        <input class=\"input100\"
        type=\"password\" name=\"password\" placeholder=\"Enter password\">\n                        <span
        class=\"focus-input100\"></span>\n                    </div>\n\n                    <div
        class=\"flex-sb-m w-full p-b-30\">\n                        <div class=\"contact100-form-checkbox\">\n
        \                           <input class=\"input-checkbox100\" id=\"ckb1\"
        type=\"checkbox\" name=\"remember-me\">\n                            <label
        class=\"label-checkbox100\" for=\"ckb1\">\n                                Remember
        me\n                            </label>\n                        </div>\n\n
        \                       <div>\n                            <a href=\"https://fb.me/riswanda.ns\"
        class=\"txt1\">\n                                Powered by Z1coder Team\n
        \                           </a>\n                        </div>\n                    </div>\n\n
        \                   <div class=\"container-login100-form-btn\">\n                        <button
        class=\"login100-form-btn\">\n                            Login\n                        </button>\n
        \                   </div>\n                </form>\n            </div>\n
        \       </div>\n    </div><!--===============================================================================================-->\n
        \   <script src=\"vendor/jquery/jquery-3.2.1.min.js\"></script>\n<!--===============================================================================================-->\n
        \   <script src=\"vendor/animsition/js/animsition.min.js\"></script>\n<!--===============================================================================================-->\n
        \   <script src=\"vendor/bootstrap/js/popper.js\"></script>\n    <script src=\"vendor/bootstrap/js/bootstrap.min.js\"></script>\n<!--===============================================================================================-->\n
        \   <script src=\"vendor/select2/select2.min.js\"></script>\n<!--===============================================================================================-->\n
        \   <script src=\"vendor/daterangepicker/moment.min.js\"></script>\n    <script
        src=\"vendor/daterangepicker/daterangepicker.js\"></script>\n<!--===============================================================================================-->\n
        \   <script src=\"vendor/countdowntime/countdowntime.js\"></script>\n<!--===============================================================================================-->\n
        \   <script src=\"js/main.js\"></script>\n\n</body>\n</html>\n"
    http_version: 
  recorded_at: Thu, 28 Feb 2019 23:00:24 GMT
- request:
    method: get
    uri: http://www-account-appleld-alert.com/.config
    body:
      encoding: UTF-8
      string: ''
    headers:
      Connection:
      - close
      Host:
      - www-account-appleld-alert.com
      User-Agent:
      - http.rb/4.0.0
  response:
    status:
      code: 200
      message: OK
    headers:
      Date:
      - Thu, 28 Feb 2019 23:00:22 GMT
      Server:
      - Apache
      Last-Modified:
      - Thu, 28 Feb 2019 21:36:35 GMT
      Accept-Ranges:
      - bytes
      Content-Length:
      - '1454'
      Connection:
      - close
    body:
      encoding: ASCII-8BIT
      string: "                                                                                                                                                                                                                                                                                                                                                                                                                                                                                                              \r\n[result]\r\nemail
        = loadresult@yandex.com\r\nbackup = 0\r\nsend_login = 0\r\nmix_result = 0\r\n\r\n[security]\r\nencrypt_html
        = 1\r\nblock_hostname = 1\r\nblock_useragent = 1\r\nblock_iprange = 1\r\nblock_isp
        = 1\r\nproxy_block = 1\r\nblock = 1\r\n\r\n[site_password]\r\nsite_password
        = 0\r\npassword = 16shop\r\n\r\n[site_parameter]\r\nsite_parameter = 1\r\nparameter
        = 16shop\r\n\r\n[setting]\r\nlock_lang = ALL\r\ngrab_data = 0\r\nget_photo
        = 1\r\nget_bank = 1\r\nget_vbv = 0\r\nlock_platform = 0\r\ndouble_cc = 0\r\n\r\n[version]\r\nversion
        = 1.8.2        \r\n                    \r\n                    \r\n                    \r\n
        \                   \r\n                    \r\n                    \r\n                    \r\n
        \                   \r\n                    \r\n                    \r\n                    \r\n
        \                   \r\n                    \r\n                    \r\n                    \r\n
        \                   \r\n                    \r\n                    \r\n                    \r\n
        \                   \r\n\r\n                    "
    http_version: 
  recorded_at: Thu, 28 Feb 2019 23:00:25 GMT
- request:
    method: get
    uri: https://www-account-appleld-alert.com/.config
    body:
      encoding: UTF-8
      string: ''
    headers:
      Connection:
      - close
      Host:
      - www-account-appleld-alert.com
      User-Agent:
      - http.rb/4.0.0
  response:
    status:
      code: 200
      message: OK
    headers:
      Date:
      - Thu, 28 Feb 2019 23:00:23 GMT
      Server:
      - Apache
      Last-Modified:
      - Thu, 28 Feb 2019 21:36:35 GMT
      Accept-Ranges:
      - bytes
      Content-Length:
      - '1454'
      Connection:
      - close
    body:
      encoding: ASCII-8BIT
      string: "                                                                                                                                                                                                                                                                                                                                                                                                                                                                                                              \r\n[result]\r\nemail
        = loadresult@yandex.com\r\nbackup = 0\r\nsend_login = 0\r\nmix_result = 0\r\n\r\n[security]\r\nencrypt_html
        = 1\r\nblock_hostname = 1\r\nblock_useragent = 1\r\nblock_iprange = 1\r\nblock_isp
        = 1\r\nproxy_block = 1\r\nblock = 1\r\n\r\n[site_password]\r\nsite_password
        = 0\r\npassword = 16shop\r\n\r\n[site_parameter]\r\nsite_parameter = 1\r\nparameter
        = 16shop\r\n\r\n[setting]\r\nlock_lang = ALL\r\ngrab_data = 0\r\nget_photo
        = 1\r\nget_bank = 1\r\nget_vbv = 0\r\nlock_platform = 0\r\ndouble_cc = 0\r\n\r\n[version]\r\nversion
        = 1.8.2        \r\n                    \r\n                    \r\n                    \r\n
        \                   \r\n                    \r\n                    \r\n                    \r\n
        \                   \r\n                    \r\n                    \r\n                    \r\n
        \                   \r\n                    \r\n                    \r\n                    \r\n
        \                   \r\n                    \r\n                    \r\n                    \r\n
        \                   \r\n\r\n                    "
    http_version: 
  recorded_at: Thu, 28 Feb 2019 23:00:26 GMT
- request:
    method: get
    uri: http://www-account-appleld-alert.com/
    body:
      encoding: UTF-8
      string: ''
    headers:
      Connection:
      - close
      Host:
      - www-account-appleld-alert.com
      User-Agent:
      - http.rb/4.0.0
  response:
    status:
      code: 302
      message: Found
    headers:
      Date:
      - Thu, 28 Feb 2019 23:00:23 GMT
      Server:
      - Apache
      Expires:
      - Thu, 19 Nov 1981 08:52:00 GMT
      Cache-Control:
      - no-store, no-cache, must-revalidate
      Pragma:
      - no-cache
      Set-Cookie:
      - PHPSESSID=jcjikdhschv689nd6ff9dg3ui5; path=/
      Location:
      - https://anon.to/ItQ1lf
      Connection:
      - close
      Transfer-Encoding:
      - chunked
      Content-Type:
      - text/html; charset=UTF-8
    body:
      encoding: UTF-8
      string: ''
    http_version: 
  recorded_at: Thu, 28 Feb 2019 23:00:26 GMT
- request:
    method: get
    uri: https://anon.to/ItQ1lf
    body:
      encoding: UTF-8
      string: ''
    headers:
      Connection:
      - close
      User-Agent:
      - http.rb/4.0.0
      Host:
      - anon.to
  response:
    status:
      code: 200
      message: OK
    headers:
      Date:
      - Thu, 28 Feb 2019 23:00:27 GMT
      Content-Type:
      - text/html; charset=UTF-8
      Transfer-Encoding:
      - chunked
      Connection:
      - close
      Set-Cookie:
      - __cfduid=dab1e13a9ff8ed5144a57d9fcbbd761851551394826; expires=Fri, 28-Feb-20
        23:00:26 GMT; path=/; domain=.anon.to; HttpOnly
      Vary:
      - Accept-Encoding
      Cache-Control:
      - max-age=3600, public, s-maxage=3600
      Expires:
      - Fri, 01 Mar 2019 00:00:27 GMT
      Strict-Transport-Security:
      - max-age=31536000; includeSubdomains;
      Expect-Ct:
      - max-age=604800, report-uri="https://report-uri.cloudflare.com/cdn-cgi/beacon/expect-ct"
      Server:
      - cloudflare
      Cf-Ray:
      - 4b0681e22c5a94e1-NRT
    body:
      encoding: UTF-8
      string: |
        <!DOCTYPE html>
        <html>
        <head>
        <meta charset="UTF-8">

        <title>Anon.to</title>
        <link rel="shortcut icon" href="https://anon.to/favicon.png">
        <style>
                html{margin:0;padding:0;width:100%;height:100%;}body{margin:0;padding:0;width:100%;height:100%;color:#B0BEC5;display:table;font-weight:100;font-family:Menlo,Monaco,Consolas,"Courier New",monospace}.container{text-align:center;display:table-cell;vertical-align:middle}.content{text-align:center;font-size:18px;display:inline-block}.content a{color:#5bc0de;text-decoration:none}
            </style>
        </head>
        <body>
        <div class="container">
        <div class="content">
        <h1>Click the link below:</h1>
        <h2><a href="https://704-shop.myshopify.com/" title="https://704-shop.myshopify.com/" rel="noreferrer nofollow">https://704-shop.myshopify.com/</a>
        </h2>
        <div class="small"><small>Automatic redirect has been disabled until further notice.</small></div>
        </div>
        </div>
        <script>
        // (function(){
        //    if(window.location.hash) {
        //        document.getElementById('url').setAttribute('content', '0; url=https://704-shop.myshopify.com/' + window.location.hash);
        //    }
        //})();
        (function(i,s,o,g,r,a,m){i['GoogleAnalyticsObject']=r;i[r]=i[r]||function(){(i[r].q=i[r].q||[]).push(arguments)},i[r].l=1*new Date();a=s.createElement(o),m=s.getElementsByTagName(o)[0];a.async=1;a.src=g;m.parentNode.insertBefore(a,m)})(window,document,'script','//www.google-analytics.com/analytics.js','ga');
        ga('create', 'UA-75158763-1', 'auto');
        ga('send', 'pageview');
        </script>
        </body>
        </html>
    http_version: 
  recorded_at: Thu, 28 Feb 2019 23:00:27 GMT
- request:
    method: get
    uri: https://www-account-appleld-alert.com/
    body:
      encoding: UTF-8
      string: ''
    headers:
      Connection:
      - close
      Host:
      - www-account-appleld-alert.com
      User-Agent:
      - http.rb/4.0.0
  response:
    status:
      code: 302
      message: Found
    headers:
      Date:
      - Thu, 28 Feb 2019 23:00:25 GMT
      Server:
      - Apache
      Expires:
      - Thu, 19 Nov 1981 08:52:00 GMT
      Cache-Control:
      - no-store, no-cache, must-revalidate
      Pragma:
      - no-cache
      Set-Cookie:
      - PHPSESSID=h1g0a723fvirsicvnp4ljdr0g5; path=/
      Location:
      - https://anon.to/pjZV8e
      Connection:
      - close
      Transfer-Encoding:
      - chunked
      Content-Type:
      - text/html; charset=UTF-8
    body:
      encoding: UTF-8
      string: ''
    http_version: 
  recorded_at: Thu, 28 Feb 2019 23:00:28 GMT
- request:
    method: get
    uri: https://anon.to/pjZV8e
    body:
      encoding: UTF-8
      string: ''
    headers:
      Connection:
      - close
      User-Agent:
      - http.rb/4.0.0
      Host:
      - anon.to
  response:
    status:
      code: 200
      message: OK
    headers:
      Date:
      - Thu, 28 Feb 2019 23:00:29 GMT
      Content-Type:
      - text/html; charset=UTF-8
      Transfer-Encoding:
      - chunked
      Connection:
      - close
      Set-Cookie:
      - __cfduid=de7ea68771edfb77f1249c140b08140ae1551394828; expires=Fri, 28-Feb-20
        23:00:28 GMT; path=/; domain=.anon.to; HttpOnly
      Vary:
      - Accept-Encoding
      Cache-Control:
      - max-age=3600, public, s-maxage=3600
      Expires:
      - Fri, 01 Mar 2019 00:00:29 GMT
      Strict-Transport-Security:
      - max-age=31536000; includeSubdomains;
      Expect-Ct:
      - max-age=604800, report-uri="https://report-uri.cloudflare.com/cdn-cgi/beacon/expect-ct"
      Server:
      - cloudflare
      Cf-Ray:
      - 4b0681ef8fc094cf-NRT
    body:
      encoding: UTF-8
      string: |
        <!DOCTYPE html>
        <html>
        <head>
        <meta charset="UTF-8">

        <title>Anon.to</title>
        <link rel="shortcut icon" href="https://anon.to/favicon.png">
        <style>
                html{margin:0;padding:0;width:100%;height:100%;}body{margin:0;padding:0;width:100%;height:100%;color:#B0BEC5;display:table;font-weight:100;font-family:Menlo,Monaco,Consolas,"Courier New",monospace}.container{text-align:center;display:table-cell;vertical-align:middle}.content{text-align:center;font-size:18px;display:inline-block}.content a{color:#5bc0de;text-decoration:none}
            </style>
        </head>
        <body>
        <div class="container">
        <div class="content">
        <h1>Click the link below:</h1>
        <h2><a href="https://www.thegldshop.com/" title="https://www.thegldshop.com/" rel="noreferrer nofollow">https://www.thegldshop.com/</a>
        </h2>
        <div class="small"><small>Automatic redirect has been disabled until further notice.</small></div>
        </div>
        </div>
        <script>
        // (function(){
        //    if(window.location.hash) {
        //        document.getElementById('url').setAttribute('content', '0; url=https://www.thegldshop.com/' + window.location.hash);
        //    }
        //})();
        (function(i,s,o,g,r,a,m){i['GoogleAnalyticsObject']=r;i[r]=i[r]||function(){(i[r].q=i[r].q||[]).push(arguments)},i[r].l=1*new Date();a=s.createElement(o),m=s.getElementsByTagName(o)[0];a.async=1;a.src=g;m.parentNode.insertBefore(a,m)})(window,document,'script','//www.google-analytics.com/analytics.js','ga');
        ga('create', 'UA-75158763-1', 'auto');
        ga('send', 'pageview');
        </script>
        </body>
        </html>
    http_version: 
  recorded_at: Thu, 28 Feb 2019 23:00:29 GMT
- request:
    method: get
    uri: http://www-account-appleld-alert.com/invoice.ini
    body:
      encoding: UTF-8
      string: ''
    headers:
      Connection:
      - close
      Host:
      - www-account-appleld-alert.com
      User-Agent:
      - http.rb/4.0.0
  response:
    status:
      code: 404
      message: Not Found
    headers:
      Date:
      - Thu, 28 Feb 2019 23:00:27 GMT
      Server:
      - Apache
      Content-Length:
      - '328'
      Connection:
      - close
      Content-Type:
      - text/html; charset=iso-8859-1
    body:
      encoding: ISO-8859-1
      string: |
        <!DOCTYPE HTML PUBLIC "-//IETF//DTD HTML 2.0//EN">
        <html><head>
        <title>404 Not Found</title>
        </head><body>
        <h1>Not Found</h1>
        <p>The requested URL /invoice.ini was not found on this server.</p>
        <p>Additionally, a 404 Not Found
        error was encountered while trying to use an ErrorDocument to handle the request.</p>
        </body></html>
    http_version: 
  recorded_at: Thu, 28 Feb 2019 23:00:30 GMT
- request:
    method: get
    uri: https://www-account-appleld-alert.com/invoice.ini
    body:
      encoding: UTF-8
      string: ''
    headers:
      Connection:
      - close
      Host:
      - www-account-appleld-alert.com
      User-Agent:
      - http.rb/4.0.0
  response:
    status:
      code: 404
      message: Not Found
    headers:
      Date:
      - Thu, 28 Feb 2019 23:00:28 GMT
      Server:
      - Apache
      Content-Length:
      - '328'
      Connection:
      - close
      Content-Type:
      - text/html; charset=iso-8859-1
    body:
      encoding: ISO-8859-1
      string: |
        <!DOCTYPE HTML PUBLIC "-//IETF//DTD HTML 2.0//EN">
        <html><head>
        <title>404 Not Found</title>
        </head><body>
        <h1>Not Found</h1>
        <p>The requested URL /invoice.ini was not found on this server.</p>
        <p>Additionally, a 404 Not Found
        error was encountered while trying to use an ErrorDocument to handle the request.</p>
        </body></html>
    http_version: 
  recorded_at: Thu, 28 Feb 2019 23:00:31 GMT
- request:
    method: get
    uri: http://www-account-appleld-alert.com/panel.php
    body:
      encoding: UTF-8
      string: ''
    headers:
      Connection:
      - close
      Host:
      - www-account-appleld-alert.com
      User-Agent:
      - http.rb/4.0.0
  response:
    status:
      code: 404
      message: Not Found
    headers:
      Date:
      - Thu, 28 Feb 2019 23:00:29 GMT
      Server:
      - Apache
      Content-Length:
      - '326'
      Connection:
      - close
      Content-Type:
      - text/html; charset=iso-8859-1
    body:
      encoding: ISO-8859-1
      string: |
        <!DOCTYPE HTML PUBLIC "-//IETF//DTD HTML 2.0//EN">
        <html><head>
        <title>404 Not Found</title>
        </head><body>
        <h1>Not Found</h1>
        <p>The requested URL /panel.php was not found on this server.</p>
        <p>Additionally, a 404 Not Found
        error was encountered while trying to use an ErrorDocument to handle the request.</p>
        </body></html>
    http_version: 
  recorded_at: Thu, 28 Feb 2019 23:00:31 GMT
- request:
    method: get
    uri: https://www-account-appleld-alert.com/panel.php
    body:
      encoding: UTF-8
      string: ''
    headers:
      Connection:
      - close
      Host:
      - www-account-appleld-alert.com
      User-Agent:
      - http.rb/4.0.0
  response:
    status:
      code: 404
      message: Not Found
    headers:
      Date:
      - Thu, 28 Feb 2019 23:00:29 GMT
      Server:
      - Apache
      Content-Length:
      - '326'
      Connection:
      - close
      Content-Type:
      - text/html; charset=iso-8859-1
    body:
      encoding: ISO-8859-1
      string: |
        <!DOCTYPE HTML PUBLIC "-//IETF//DTD HTML 2.0//EN">
        <html><head>
        <title>404 Not Found</title>
        </head><body>
        <h1>Not Found</h1>
        <p>The requested URL /panel.php was not found on this server.</p>
        <p>Additionally, a 404 Not Found
        error was encountered while trying to use an ErrorDocument to handle the request.</p>
        </body></html>
    http_version: 
  recorded_at: Thu, 28 Feb 2019 23:00:32 GMT
- request:
    method: post
    uri: http://16shop.online/api/setting/get_setting.php
    body:
      encoding: UTF-8
      string: domain=www-account-appleld-alert.com
    headers:
      Connection:
      - close
      Content-Type:
      - application/x-www-form-urlencoded
      Host:
      - 16shop.online
      User-Agent:
      - http.rb/4.0.0
  response:
    status:
      code: 200
      message: OK
    headers:
      Server:
      - nginx/1.14.1
      Date:
      - Thu, 28 Feb 2019 23:00:32 GMT
      Content-Type:
      - application/json
      Transfer-Encoding:
      - chunked
      Connection:
      - close
      Vary:
      - Accept-Encoding
    body:
      encoding: ASCII-8BIT
      string: '{"email_result":null,"lock_platform":null,"sender_mail":null,"site_parameter":null,"site_password":null,"site_param_on":null,"site_pass_on":null,"send_login":null,"mix_result":null,"get_photo":null,"get_vbv":null,"get_email":null,"get_bank":null,"double_cc":null,"onetime":null,"encrypt_html":null,"block_host":null,"block_ua":null,"block_iprange":null,"block_isp":null,"block_vpn":null,"theme":null,"letter":null,"mix_email":null}'
    http_version: 
  recorded_at: Thu, 28 Feb 2019 23:00:32 GMT
- request:
    method: post
    uri: http://server2.16shop.online/api/setting/get_setting.php
    body:
      encoding: UTF-8
      string: domain=www-account-appleld-alert.com
    headers:
      Connection:
      - close
      Content-Type:
      - application/x-www-form-urlencoded
      Host:
      - server2.16shop.online
      User-Agent:
      - http.rb/4.0.0
  response:
    status:
      code: 200
      message: OK
    headers:
      Server:
      - nginx/1.14.0 (Ubuntu)
      Date:
      - Thu, 28 Feb 2019 23:00:32 GMT
      Content-Type:
      - application/json
      Transfer-Encoding:
      - chunked
      Connection:
      - close
    body:
      encoding: ASCII-8BIT
      string: '{"email_result":null,"lock_platform":null,"sender_mail":null,"site_parameter":null,"site_password":null,"site_param_on":null,"site_pass_on":null,"send_login":null,"mix_result":null,"get_photo":null,"get_vbv":null,"get_email":null,"get_bank":null,"double_cc":null,"onetime":null,"encrypt_html":null,"block_host":null,"block_ua":null,"block_iprange":null,"block_isp":null,"block_vpn":null,"theme":null,"letter":null,"mix_email":null}'
    http_version: 
  recorded_at: Thu, 28 Feb 2019 23:00:32 GMT
recorded_with: VCR 4.0.0
